2020/3/14
1.搭建环境
2.pom依赖

3.添加bean
（1）公共字段AppBase
启动日志AppStart
错误日志AppErrorLog
事件日志
    商品点击日志AppDisplay
    商品详情AppNewsDetail
    商品列表AppLoading
    广告AppAd
    消息通知日志AppNotification
    用户前台活跃AppActive_foreground
    用户后台活跃AppActive_background
    评论AppComment
    收藏AppFavorites
    点赞AppPraise
（2）主函数
日志行为数据模拟AppMain

4.运行打包
Maven Projects->Lifecycle->package

5.linux部署使用
（1）代码参数说明
// 参数一：控制发送每条的延时时间，默认是0
Long delay = args.length > 0 ? Long.parseLong(args[0]) : 0L;
// 参数二：循环遍历次数
int loop_len = args.length > 1 ? Integer.parseInt(args[1]) : 1000;

（2）将生成的jar包log-collector-0.0.1-SNAPSHOT-jar-with-dependencies.jar拷贝到cdh2服务器上，并同步到cdh3的/opt/datawarehouse路径下，
[atguigu@hadoop102 module]$ xsync log-collector-1.0-SNAPSHOT-jar-with-dependencies.jar
【测试：】
[root@cdh2 opt]# scp -r datawarehouse/ root@cdh3:/opt/

（3）在hadoop102上执行jar程序
【测试：20200314】
java -classpath /opt/datawarehouse/softwares/log-collection-1.0-SNAPSHOT-jar-with-dependencies.jar com.bd.util.appclient.AppMain >/opt/datawarehouse/test.log
或者
java -cp /opt/datawarehouse/softwares/log-collection-1.0-SNAPSHOT-jar-with-dependencies.jar com.bd.util.appclient.AppMain >/opt/datawarehouse/test.log

4）在/tmp/logs路径下查看生成的日志文件
[root@cdh2 logs]# cd /tmp/logs/
[root@cdh2 logs]# ls
app-2020-03-15.log

6.集群日志生成启动脚本
(1）在/opt/datawarehouse/sh目录下创建脚本lg.sh
[root@cdh3 sh]# cd /opt/datawarehouse/sh
[root@cdh3 sh]# vi lg.sh

(2）在脚本中编写如下内容
【测试】
#! /bin/bash

for i in cdh2 cdh3
do
      ssh $i "java -cp /opt/datawarehouse/softwares/log-collection-1.0-SNAPSHOT-jar-with-dependencies.jar com.b
d.util.appclient.AppMain $1 $2 >/opt/datawarehouse/test.log &"
done


（3）修改脚本执行权限
root@cdh2 sh]# chmod 777 lg.sh

（4）启动脚本
【验证：】
[root@cdh2 sh]# rm -rf /tmp/logs/app-2020-03-15.log
[root@cdh2 sh]# ./lg.sh



（5）cdh2，cdh3的/tmp/logs目录上查看生成的数据
[root@cdh2 sh]# ls /tmp/logs/
app-2020-03-15.log

[root@cdh3 sh]# cd /tmp/logs/
[root@cdh3 logs]# ls
app-2020-03-15.log